     VMA      LMA     Size Align Out     In      Symbol
       0        0        0     1 SFRORIGIN = 0x8000F000
       0        0        0     1 RAMENDNEXT = 0x8000F000
       0        0        0     1 PROVIDE ( STACKSIZE = 0x00000400 )
       0        0        0     1 STACKORIGIN = RAMENDNEXT - STACKSIZE
       0        0        0     1 PROVIDE ( _$$SP = RAMENDNEXT )
       0        0        0     1 DYNAMIC = __data_end + 0x2
       0        0        0     1 DYNAMICSIZE = STACKORIGIN - DYNAMIC
       0        0        0     1 ROMWINDOWSIZE = 0xCFFF
       0        0       7a     1 .text_vec
       0        0        8     1         startup.o:(.text.isr_vector)
       8        8        0     1         . = 0x8
       8        8        2     1         classwiz_bsp.o:(.text0.vector.0x8)
       a        a        0     1         . = 0xa
       a        a        2     1         classwiz_bsp.o:(.text0.vector.0xa)
       c        c        0     1         . = 0xc
       c        c        2     1         classwiz_bsp.o:(.text0.vector.0xc)
       e        e        0     1         . = 0xe
       e        e        2     1         classwiz_bsp.o:(.text0.vector.0xe)
      10       10        0     1         . = 0x10
      10       10        2     1         classwiz_bsp.o:(.text0.vector.0x10)
      12       12        0     1         . = 0x12
      12       12        2     1         classwiz_bsp.o:(.text0.vector.0x12)
      14       14        0     1         . = 0x14
      14       14        2     1         classwiz_bsp.o:(.text0.vector.0x14)
      16       16        0     1         . = 0x16
      16       16        2     1         classwiz_bsp.o:(.text0.vector.0x16)
      18       18        0     1         . = 0x18
      18       18        2     1         classwiz_bsp.o:(.text0.vector.0x18)
      1a       1a        0     1         . = 0x1a
      1a       1a        2     1         classwiz_bsp.o:(.text0.vector.0x1a)
      1c       1c        0     1         . = 0x1c
      1c       1c        2     1         classwiz_bsp.o:(.text0.vector.0x1c)
      1e       1e        0     1         . = 0x1e
      1e       1e        2     1         classwiz_bsp.o:(.text0.vector.0x1e)
      20       20        0     1         . = 0x20
      20       20        2     1         classwiz_bsp.o:(.text0.vector.0x20)
      22       22        0     1         . = 0x22
      22       22        2     1         classwiz_bsp.o:(.text0.vector.0x22)
      24       24        0     1         . = 0x24
      24       24        2     1         classwiz_bsp.o:(.text0.vector.0x24)
      26       26        0     1         . = 0x26
      26       26        2     1         classwiz_bsp.o:(.text0.vector.0x26)
      28       28        0     1         . = 0x28
      28       28        2     1         classwiz_bsp.o:(.text0.vector.0x28)
      2a       2a        0     1         . = 0x2a
      2a       2a        2     1         classwiz_bsp.o:(.text0.vector.0x2a)
      2c       2c        0     1         . = 0x2c
      2c       2c        2     1         classwiz_bsp.o:(.text0.vector.0x2c)
      2e       2e        0     1         . = 0x2e
      2e       2e        2     1         classwiz_bsp.o:(.text0.vector.0x2e)
      30       30        0     1         . = 0x30
      30       30        2     1         classwiz_bsp.o:(.text0.vector.0x30)
      32       32        2     1         . = 0x34
      34       34        4     1         . = 0x38
      38       38        2     1         . = 0x3a
      3a       3a        2     1         . = 0x3c
      3c       3c        2     1         . = 0x3e
      3e       3e        2     1         . = 0x40
      40       40        2     1         . = 0x42
      42       42        2     1         . = 0x44
      44       44        8     1         . = 0x4c
      4c       4c        2     1         . = 0x4e
      4e       4e        2     1         . = 0x50
      50       50        2     1         . = 0x52
      52       52        a     1         . = 0x5c
      5c       5c       16     1         . = 0x72
      72       72        2     1         . = 0x74
      74       74        2     1         . = 0x76
      76       76        2     1         . = 0x78
      78       78        2     1         . = 0x7a
80009000 80009000        0     1 .data
     100      100      44c     4 .rom
     100      100        0     1         __rodata0_end = ( . )
     100      100        0     1         
     100      100        8     1         startup.o:(.text0.start_up)
     100      100        0     1                 _$$start_up
     102      102        0     1                 _$$brk_reset
     102      102        0     1                 _$$error
     102      102        0     1                 _$$bal_00
     104      104        0     1                 _$begin
     108      108        2     1         classwiz_bsp.o:(.text0.vector.0x32)
     10a      10a        0     1         __text0_end = ( . )
     10a      10a        0     1         
     10a      10a        a     1         startup.o:(.rodata)
     10a      10a        0     1                 _$$init_info
     112      112        0     1                 _$$init_info_end
     114      114        0     4         startup.o:(.text)
     114      114       82     4         libc.o:(.text)
     114      114        0     1                 strcpy_nn
     11e      11e        0     1                 .l_00A
     132      132        0     1                 memcpy_nn
     13c      13c        0     1                 .loop5
     14a      14a        0     1                 memzero_n
     150      150        0     1                 .loop
     15a      15a        0     1                 memzero_w_n
     168      168        0     1                 .pass0
     170      170        0     1                 .pass1
     172      172        0     1                 .loop3
     17e      17e        0     1                 .exit
     182      182        0     1                 memset_n
     18c      18c        0     1                 .loop2
     198      198       3c     4         test.o:(.text)
     198      198       3c     1                 main
     1d4      1d4      140     4         classwiz_bsp.o:(.text)
     1d4      1d4        8     1                 a
     1dc      1dc       1e     1                 reset_timer()
     1fc      1fc       4a     1                 delay(unsigned short)
     248      248       cc     1                 reset_sfrs()
     314      314      228     4         line_print.o:(.text)
     314      314        0     1                 render_copy
     32e      32e        0     1                 .l_018
     332      332        0     1                 .l_01c
     342      342        0     1                 .l_02c
     346      346        0     1                 .l_030
     350      350        0     1                 .l_038
     352      352        0     1                 .l_03a
     39c      39c        0     1                 .l_07a
     39e      39e        0     1                 f_27432
     3c8      3c8        0     1                 lookup_bitmap
     3ec      3ec        0     1                 .l_022
     410      410        0     1                 .l_042
     41e      41e        0     1                 .l_04e
     45e      45e        0     1                 .l_084
     46e      46e        0     1                 .l_090
     476      476        0     1                 .l_098
     49e      49e        0     1                 .l_0ba
     4a6      4a6        0     1                 .l_0c2
     4b2      4b2        0     1                 .l_0ca
     4da      4da        0     1                 .l_0e6
     4e8      4e8        0     1                 .l_0f2
     4f8      4f8        0     1                 .l_0fe
     502      502        0     1                 .l_106
     506      506        0     1                 .f_28890
     51c      51c        0     1                 .al_012
     520      520        0     1                 .al_016
     530      530        0     1                 .al_024
     53c      53c       10     4         C:/LAPIS/LEXIDE/BuildTools/Ver.20231124/Lib/U16/longu8.a(PUSHPOPU8LW.o):(.text)
     53c      53c        0     1                 __regpushu8lw
     544      544        0     1                 __regpopu8lw
80009000 80009000        0     1 .bss
80009000 80009000        0     1         __data_end = .
      7a       7a        0     1 .vec
      7a       7a        0     1         WDTINT = ABSOLUTE ( 0x0008 )
      7a       7a        0     1         EXI0INT = ABSOLUTE ( 0x0010 )
      7a       7a        0     1         EXI1INT = ABSOLUTE ( 0x0012 )
      7a       7a        0     1         EXI2INT = ABSOLUTE ( 0x0014 )
      7a       7a        0     1         EXI3INT = ABSOLUTE ( 0x0016 )
      7a       7a        0     1         EXI4INT = ABSOLUTE ( 0x0018 )
      7a       7a        0     1         EXI5INT = ABSOLUTE ( 0x001A )
      7a       7a        0     1         EXI6INT = ABSOLUTE ( 0x001C )
      7a       7a        0     1         EXI7INT = ABSOLUTE ( 0x001E )
      7a       7a        0     1         CBUINT = ABSOLUTE ( 0x0020 )
      7a       7a        0     1         MCSINT = ABSOLUTE ( 0x0024 )
      7a       7a        0     1         UA00INT = ABSOLUTE ( 0x0026 )
      7a       7a        0     1         UA01INT = ABSOLUTE ( 0x0028 )
      7a       7a        0     1         SADINT = ABSOLUTE ( 0x002C )
      7a       7a        0     1         SIOF0INT = ABSOLUTE ( 0x002E )
      7a       7a        0     1         SIO0INT = ABSOLUTE ( 0x0030 )
      7a       7a        0     1         I2CM0INT = ABSOLUTE ( 0x0034 )
      7a       7a        0     1         FTM0INT = ABSOLUTE ( 0x0038 )
      7a       7a        0     1         FTM1INT = ABSOLUTE ( 0x003A )
      7a       7a        0     1         TM0INT = ABSOLUTE ( 0x003C )
      7a       7a        0     1         TM1INT = ABSOLUTE ( 0x003E )
      7a       7a        0     1         I2CU0INT = ABSOLUTE ( 0x0040 )
      7a       7a        0     1         UA10INT = ABSOLUTE ( 0x0042 )
      7a       7a        0     1         UA11INT = ABSOLUTE ( 0x0044 )
      7a       7a        0     1         TM2INT = ABSOLUTE ( 0x004C )
      7a       7a        0     1         TM3INT = ABSOLUTE ( 0x004E )
      7a       7a        0     1         UA20INT = ABSOLUTE ( 0x0050 )
      7a       7a        0     1         UA21INT = ABSOLUTE ( 0x0052 )
      7a       7a        0     1         TM4INT = ABSOLUTE ( 0x005C )
      7a       7a        0     1         TMXINT = ABSOLUTE ( 0x0072 )
      7a       7a        0     1         LTB0INT = ABSOLUTE ( 0x0074 )
      7a       7a        0     1         LTB3INT = ABSOLUTE ( 0x0076 )
      7a       7a        0     1         LTB1INT = ABSOLUTE ( 0x0078 )
      7a       7a        0     1         LTB2INT = ABSOLUTE ( 0x007A )
8000f000 8000f000        0     1 .sfr
8000f000 8000f000        0     1         DSR = ABSOLUTE ( 0xF000 )
8000f000 8000f000        0     1 PROVIDE ( __START_DATA_lma = LOADADDR ( .data ) )
8000f000 8000f000        0     1 PROVIDE ( __START_DATA = ADDR ( .data ) )
8000f000 8000f000        0     1 PROVIDE ( INITTAB = __START_DATA_lma & 65535 )
8000f000 8000f000        0     1 PROVIDE ( INITVAR = __START_DATA & 65535 )
8000f000 8000f000        0     1 PROVIDE ( INITSIZE = SIZEOF ( .data ) )
8000f000 8000f000        0     1 PROVIDE ( INITTABSEG = ( ( __START_DATA_lma >> 16 ) & 15 ) )
8000f000 8000f000        0     1 PROVIDE ( INITVARSEG = ( ( __START_DATA >> 16 ) & 15 ) )
       0        0       4a     1 .comment
       0        0       4a     1         <internal>:(.comment)
       0        0      6e0     4 .symtab
       0        0      6e0     4         <internal>:(.symtab)
       0        0       48     1 .shstrtab
       0        0       48     1         <internal>:(.shstrtab)
       0        0      3c4     1 .strtab
       0        0      3c4     1         <internal>:(.strtab)
